// Jest Snapshot v1, https://goo.gl/fbAQLP

exports[`slashCount Should check for a bad token 1`] = `"Invalid request or missing token"`;

exports[`slashCount Should check for a missing token 1`] = `"Invalid request or missing token"`;

exports[`slashCount Should check for insufficient permissions 1`] = `
Object {
  "ephemeral_text": "Unable to get vote count for poll. Only the poll creator can get the vote count. Please ask @jed.fonner if you need the count.",
}
`;

exports[`slashCount Should perform a successful count 1`] = `
Object {
  "ephemeral_text": "Current summary of poll \\"**Does this thing still work?**\\"

| OPTION | VOTES: 1 | PERCENT |
| :----- | -----: | -----: |
| Yes | 1 | 100% |
| No | 0 | 0% |",
}
`;
